../Core/Src/main.c:84:5:main	16	static
../Core/Src/main.c:142:6:SystemClock_Config	72	static
../Core/Src/main.c:182:13:MX_USART1_UART_Init	8	static
../Core/Src/main.c:215:13:MX_GPIO_Init	40	static
../Core/Src/main.c:252:5:__io_putchar	16	static
../Core/Src/main.c:266:6:JumpToAddress	32	static,ignoring_inline_asm
../Core/Src/main.c:282:6:goto_app	16	static
../Core/Src/main.c:289:6:bootloader_main	280	static
../Core/Src/main.c:315:13:erase_app_flash	40	static
../Core/Src/main.c:328:13:write_flash	40	static
../Core/Src/main.c:345:6:Error_Handler	4	static,ignoring_inline_asm
